
=================================== ERRORS ====================================
_____ ERROR collecting backend/tests/integration/test_fc_full_workflow.py _____
backend\tests\integration\test_fc_full_workflow.py:41: in <module>
    from services.tasks.workflow_tasks import wf3_firstcard_invoice
backend\src\services\tasks\__init__.py:13: in <module>
    from .file_management_tasks import (
backend\src\services\tasks\file_management_tasks.py:28: in <module>
    from .utils.invoice_utils import (
backend\src\services\tasks\utils\invoice_utils.py:16: in <module>
    AiStatus.OCR_DONE.value,
    ^^^^^^^^^^^^^^^^^
E   AttributeError: type object 'AiStatus' has no attribute 'OCR_DONE'
________ ERROR collecting backend/tests/integration/test_full_flow.py _________
backend\tests\integration\test_full_flow.py:12: in <module>
    from services.tasks import process_classification, process_validation
backend\src\services\tasks\__init__.py:13: in <module>
    from .file_management_tasks import (
backend\src\services\tasks\file_management_tasks.py:28: in <module>
    from .utils.invoice_utils import (
backend\src\services\tasks\utils\invoice_utils.py:17: in <module>
    InvoiceProcessingStatus.OCR_DONE.value,
    ^^^^^^^^^^^^^^^^^^^^^^^^^^^^^^^^^^^^^^
E   AttributeError: 'str' object has no attribute 'value'
_______ ERROR collecting backend/tests/integration/test_queue_resume.py _______
venv\Lib\site-packages\_pytest\python.py:507: in importtestmodule
    mod = import_path(
venv\Lib\site-packages\_pytest\pathlib.py:587: in import_path
    importlib.import_module(module_name)
C:\Python313\Lib\importlib\__init__.py:88: in import_module
    return _bootstrap._gcd_import(name[level:], package, level)
           ^^^^^^^^^^^^^^^^^^^^^^^^^^^^^^^^^^^^^^^^^^^^^^^^^^^^
<frozen importlib._bootstrap>:1387: in _gcd_import
    ???
<frozen importlib._bootstrap>:1360: in _find_and_load
    ???
<frozen importlib._bootstrap>:1331: in _find_and_load_unlocked
    ???
<frozen importlib._bootstrap>:935: in _load_unlocked
    ???
venv\Lib\site-packages\_pytest\assertion\rewrite.py:188: in exec_module
    source_stat, co = _rewrite_test(fn, self.config)
                      ^^^^^^^^^^^^^^^^^^^^^^^^^^^^^^
venv\Lib\site-packages\_pytest\assertion\rewrite.py:357: in _rewrite_test
    tree = ast.parse(source, filename=strfn)
           ^^^^^^^^^^^^^^^^^^^^^^^^^^^^^^^^^
C:\Python313\Lib\ast.py:50: in parse
    return compile(source, filename, mode, flags,
E     File "E:\projects\Mind2\backend\tests\integration\test_queue_resume.py", line 168
E       except Exception as e:
E       ^^^^^^
E   SyntaxError: invalid syntax
_________ ERROR collecting backend/tests/perf/test_api_performance.py _________
backend\tests\perf\test_api_performance.py:13: in <module>
    api_app = import_module("api.app")
              ^^^^^^^^^^^^^^^^^^^^^^^^
C:\Python313\Lib\importlib\__init__.py:88: in import_module
    return _bootstrap._gcd_import(name[level:], package, level)
           ^^^^^^^^^^^^^^^^^^^^^^^^^^^^^^^^^^^^^^^^^^^^^^^^^^^^
<frozen importlib._bootstrap>:1387: in _gcd_import
    ???
<frozen importlib._bootstrap>:1360: in _find_and_load
    ???
<frozen importlib._bootstrap>:1331: in _find_and_load_unlocked
    ???
<frozen importlib._bootstrap>:935: in _load_unlocked
    ???
<frozen importlib._bootstrap_external>:1026: in exec_module
    ???
<frozen importlib._bootstrap>:488: in _call_with_frames_removed
    ???
backend\src\api\app.py:24: in <module>
    from api.fetcher import fetcher_bp
backend\src\api\fetcher.py:7: in <module>
    from services.fetch_ftp import fetch_from_ftp
backend\src\services\fetch_ftp.py:26: in <module>
    from services.tasks import (
backend\src\services\tasks\__init__.py:13: in <module>
    from .file_management_tasks import (
backend\src\services\tasks\file_management_tasks.py:28: in <module>
    from .utils.invoice_utils import (
backend\src\services\tasks\utils\invoice_utils.py:17: in <module>
    InvoiceProcessingStatus.OCR_DONE.value,
    ^^^^^^^^^^^^^^^^^^^^^^^^^^^^^^^^^^^^^^
E   AttributeError: 'str' object has no attribute 'value'
______ ERROR collecting backend/tests/unit/test_auth_cors_middleware.py _______
backend\tests\unit\test_auth_cors_middleware.py:17: in <module>
    api_app = import_module("api.app")
              ^^^^^^^^^^^^^^^^^^^^^^^^
C:\Python313\Lib\importlib\__init__.py:88: in import_module
    return _bootstrap._gcd_import(name[level:], package, level)
           ^^^^^^^^^^^^^^^^^^^^^^^^^^^^^^^^^^^^^^^^^^^^^^^^^^^^
<frozen importlib._bootstrap>:1387: in _gcd_import
    ???
<frozen importlib._bootstrap>:1360: in _find_and_load
    ???
<frozen importlib._bootstrap>:1331: in _find_and_load_unlocked
    ???
<frozen importlib._bootstrap>:935: in _load_unlocked
    ???
<frozen importlib._bootstrap_external>:1026: in exec_module
    ???
<frozen importlib._bootstrap>:488: in _call_with_frames_removed
    ???
backend\src\api\app.py:24: in <module>
    from api.fetcher import fetcher_bp
backend\src\api\fetcher.py:7: in <module>
    from services.fetch_ftp import fetch_from_ftp
backend\src\services\fetch_ftp.py:26: in <module>
    from services.tasks import (
backend\src\services\tasks\__init__.py:13: in <module>
    from .file_management_tasks import (
backend\src\services\tasks\file_management_tasks.py:28: in <module>
    from .utils.invoice_utils import (
backend\src\services\tasks\utils\invoice_utils.py:17: in <module>
    InvoiceProcessingStatus.OCR_DONE.value,
    ^^^^^^^^^^^^^^^^^^^^^^^^^^^^^^^^^^^^^^
E   AttributeError: 'str' object has no attribute 'value'
_____ ERROR collecting backend/tests/unit/test_creditcard_tasks_pages.py ______
backend\tests\unit\test_creditcard_tasks_pages.py:7: in <module>
    from services.tasks import creditcard_tasks as ct
backend\src\services\tasks\__init__.py:13: in <module>
    from .file_management_tasks import (
backend\src\services\tasks\file_management_tasks.py:28: in <module>
    from .utils.invoice_utils import (
backend\src\services\tasks\utils\invoice_utils.py:17: in <module>
    InvoiceProcessingStatus.OCR_DONE.value,
    ^^^^^^^^^^^^^^^^^^^^^^^^^^^^^^^^^^^^^^
E   AttributeError: 'str' object has no attribute 'value'
_____ ERROR collecting backend/tests/unit/test_fc_workflow_coordinator.py _____
backend\tests\unit\test_fc_workflow_coordinator.py:38: in <module>
    class TestFirstCardWorkflowCoordinator:
backend\tests\unit\test_fc_workflow_coordinator.py:101: in TestFirstCardWorkflowCoordinator
    @patch("services.tasks.workflow_tasks.wf3_firstcard_invoice")
     ^^^^^
E   NameError: name 'patch' is not defined
______ ERROR collecting backend/tests/unit/test_fetch_ftp_refactored.py _______
backend\tests\unit\test_fetch_ftp_refactored.py:3: in <module>
    from services.fetch_ftp import fetch_from_ftp, FetchResult
backend\src\services\fetch_ftp.py:26: in <module>
    from services.tasks import (
backend\src\services\tasks\__init__.py:13: in <module>
    from .file_management_tasks import (
backend\src\services\tasks\file_management_tasks.py:28: in <module>
    from .utils.invoice_utils import (
backend\src\services\tasks\utils\invoice_utils.py:17: in <module>
    InvoiceProcessingStatus.OCR_DONE.value,
    ^^^^^^^^^^^^^^^^^^^^^^^^^^^^^^^^^^^^^^
E   AttributeError: 'str' object has no attribute 'value'
__________ ERROR collecting backend/tests/unit/test_invoice_tasks.py __________
backend\tests\unit\test_invoice_tasks.py:21: in <module>
    from services import tasks
backend\src\services\tasks\__init__.py:13: in <module>
    from .file_management_tasks import (
backend\src\services\tasks\file_management_tasks.py:28: in <module>
    from .utils.invoice_utils import (
backend\src\services\tasks\utils\invoice_utils.py:17: in <module>
    InvoiceProcessingStatus.OCR_DONE.value,
    ^^^^^^^^^^^^^^^^^^^^^^^^^^^^^^^^^^^^^^
E   AttributeError: 'str' object has no attribute 'value'
________ ERROR collecting backend/tests/unit/test_metrics_endpoint.py _________
backend\tests\unit\test_metrics_endpoint.py:11: in <module>
    api_app = import_module("api.app")
              ^^^^^^^^^^^^^^^^^^^^^^^^
C:\Python313\Lib\importlib\__init__.py:88: in import_module
    return _bootstrap._gcd_import(name[level:], package, level)
           ^^^^^^^^^^^^^^^^^^^^^^^^^^^^^^^^^^^^^^^^^^^^^^^^^^^^
<frozen importlib._bootstrap>:1387: in _gcd_import
    ???
<frozen importlib._bootstrap>:1360: in _find_and_load
    ???
<frozen importlib._bootstrap>:1331: in _find_and_load_unlocked
    ???
<frozen importlib._bootstrap>:935: in _load_unlocked
    ???
<frozen importlib._bootstrap_external>:1026: in exec_module
    ???
<frozen importlib._bootstrap>:488: in _call_with_frames_removed
    ???
backend\src\api\app.py:24: in <module>
    from api.fetcher import fetcher_bp
backend\src\api\fetcher.py:7: in <module>
    from services.fetch_ftp import fetch_from_ftp
backend\src\services\fetch_ftp.py:26: in <module>
    from services.tasks import (
backend\src\services\tasks\__init__.py:13: in <module>
    from .file_management_tasks import (
backend\src\services\tasks\file_management_tasks.py:28: in <module>
    from .utils.invoice_utils import (
backend\src\services\tasks\utils\invoice_utils.py:17: in <module>
    InvoiceProcessingStatus.OCR_DONE.value,
    ^^^^^^^^^^^^^^^^^^^^^^^^^^^^^^^^^^^^^^
E   AttributeError: 'str' object has no attribute 'value'
_____ ERROR collecting backend/tests/unit/test_tasks_invoice_pipeline.py ______
backend\tests\unit\test_tasks_invoice_pipeline.py:3: in <module>
    from services import tasks
backend\src\services\tasks\__init__.py:13: in <module>
    from .file_management_tasks import (
backend\src\services\tasks\file_management_tasks.py:28: in <module>
    from .utils.invoice_utils import (
backend\src\services\tasks\utils\invoice_utils.py:17: in <module>
    InvoiceProcessingStatus.OCR_DONE.value,
    ^^^^^^^^^^^^^^^^^^^^^^^^^^^^^^^^^^^^^^
E   AttributeError: 'str' object has no attribute 'value'
============================== warnings summary ===============================
venv\Lib\site-packages\_pytest\config\__init__.py:1397
  E:\projects\Mind2\venv\Lib\site-packages\_pytest\config\__init__.py:1397: PytestConfigWarning: Unknown config option: asyncio_default_fixture_loop_scope
  
    self._warn_or_fail_if_strict(f"Unknown config option: {key}\n")

backend\src\models\ai_processing.py:83
backend\src\models\ai_processing.py:83
  E:\projects\Mind2\backend\src\models\ai_processing.py:83: PydanticDeprecatedSince20: Pydantic V1 style `@validator` validators are deprecated. You should migrate to Pydantic V2 style `@field_validator` validators, see the migration guide for more details. Deprecated in Pydantic V2.0 to be removed in V3.0. See Pydantic V2 Migration Guide at https://errors.pydantic.dev/2.12/migration/
    @validator(

backend\src\models\ai_processing.py:102
backend\src\models\ai_processing.py:102
  E:\projects\Mind2\backend\src\models\ai_processing.py:102: PydanticDeprecatedSince20: Pydantic V1 style `@root_validator` validators are deprecated. You should migrate to Pydantic V2 style `@model_validator` validators, see the migration guide for more details. Deprecated in Pydantic V2.0 to be removed in V3.0. See Pydantic V2 Migration Guide at https://errors.pydantic.dev/2.12/migration/
    @root_validator(pre=True)

backend\src\models\ai_processing.py:118
backend\src\models\ai_processing.py:118
  E:\projects\Mind2\backend\src\models\ai_processing.py:118: PydanticDeprecatedSince20: Pydantic V1 style `@validator` validators are deprecated. You should migrate to Pydantic V2 style `@field_validator` validators, see the migration guide for more details. Deprecated in Pydantic V2.0 to be removed in V3.0. See Pydantic V2 Migration Guide at https://errors.pydantic.dev/2.12/migration/
    @validator("currency", pre=True)

backend\src\models\ai_processing.py:123
backend\src\models\ai_processing.py:123
  E:\projects\Mind2\backend\src\models\ai_processing.py:123: PydanticDeprecatedSince20: Pydantic V1 style `@validator` validators are deprecated. You should migrate to Pydantic V2 style `@field_validator` validators, see the migration guide for more details. Deprecated in Pydantic V2.0 to be removed in V3.0. See Pydantic V2 Migration Guide at https://errors.pydantic.dev/2.12/migration/
    @validator(

backend\src\models\ai_processing.py:133
backend\src\models\ai_processing.py:133
  E:\projects\Mind2\backend\src\models\ai_processing.py:133: PydanticDeprecatedSince20: Pydantic V1 style `@validator` validators are deprecated. You should migrate to Pydantic V2 style `@field_validator` validators, see the migration guide for more details. Deprecated in Pydantic V2.0 to be removed in V3.0. See Pydantic V2 Migration Guide at https://errors.pydantic.dev/2.12/migration/
    @validator("exchange_rate", pre=True)

backend\src\models\ai_processing.py:137
backend\src\models\ai_processing.py:137
  E:\projects\Mind2\backend\src\models\ai_processing.py:137: PydanticDeprecatedSince20: Pydantic V1 style `@validator` validators are deprecated. You should migrate to Pydantic V2 style `@field_validator` validators, see the migration guide for more details. Deprecated in Pydantic V2.0 to be removed in V3.0. See Pydantic V2 Migration Guide at https://errors.pydantic.dev/2.12/migration/
    @validator("credit_card_last_4_digits", pre=True)

backend\src\models\ai_processing.py:172
backend\src\models\ai_processing.py:172
  E:\projects\Mind2\backend\src\models\ai_processing.py:172: PydanticDeprecatedSince20: Pydantic V1 style `@validator` validators are deprecated. You should migrate to Pydantic V2 style `@field_validator` validators, see the migration guide for more details. Deprecated in Pydantic V2.0 to be removed in V3.0. See Pydantic V2 Migration Guide at https://errors.pydantic.dev/2.12/migration/
    @validator("name")

backend\src\models\ai_processing.py:178
backend\src\models\ai_processing.py:178
  E:\projects\Mind2\backend\src\models\ai_processing.py:178: PydanticDeprecatedSince20: Pydantic V1 style `@validator` validators are deprecated. You should migrate to Pydantic V2 style `@field_validator` validators, see the migration guide for more details. Deprecated in Pydantic V2.0 to be removed in V3.0. See Pydantic V2 Migration Guide at https://errors.pydantic.dev/2.12/migration/
    @validator("main_id")

backend\src\models\ai_processing.py:184
backend\src\models\ai_processing.py:184
  E:\projects\Mind2\backend\src\models\ai_processing.py:184: PydanticDeprecatedSince20: Pydantic V1 style `@validator` validators are deprecated. You should migrate to Pydantic V2 style `@field_validator` validators, see the migration guide for more details. Deprecated in Pydantic V2.0 to be removed in V3.0. See Pydantic V2 Migration Guide at https://errors.pydantic.dev/2.12/migration/
    @validator("article_id", pre=True)

backend\src\models\ai_processing.py:190
backend\src\models\ai_processing.py:190
  E:\projects\Mind2\backend\src\models\ai_processing.py:190: PydanticDeprecatedSince20: Pydantic V1 style `@validator` validators are deprecated. You should migrate to Pydantic V2 style `@field_validator` validators, see the migration guide for more details. Deprecated in Pydantic V2.0 to be removed in V3.0. See Pydantic V2 Migration Guide at https://errors.pydantic.dev/2.12/migration/
    @validator("number", pre=True)

backend\src\models\ai_processing.py:202
backend\src\models\ai_processing.py:202
  E:\projects\Mind2\backend\src\models\ai_processing.py:202: PydanticDeprecatedSince20: Pydantic V1 style `@validator` validators are deprecated. You should migrate to Pydantic V2 style `@field_validator` validators, see the migration guide for more details. Deprecated in Pydantic V2.0 to be removed in V3.0. See Pydantic V2 Migration Guide at https://errors.pydantic.dev/2.12/migration/
    @validator(

backend\src\models\ai_processing.py:213
backend\src\models\ai_processing.py:213
  E:\projects\Mind2\backend\src\models\ai_processing.py:213: PydanticDeprecatedSince20: Pydantic V1 style `@validator` validators are deprecated. You should migrate to Pydantic V2 style `@field_validator` validators, see the migration guide for more details. Deprecated in Pydantic V2.0 to be removed in V3.0. See Pydantic V2 Migration Guide at https://errors.pydantic.dev/2.12/migration/
    @validator("vat_percentage", pre=True)

backend\src\models\ai_processing.py:217
backend\src\models\ai_processing.py:217
  E:\projects\Mind2\backend\src\models\ai_processing.py:217: PydanticDeprecatedSince20: Pydantic V1 style `@validator` validators are deprecated. You should migrate to Pydantic V2 style `@field_validator` validators, see the migration guide for more details. Deprecated in Pydantic V2.0 to be removed in V3.0. See Pydantic V2 Migration Guide at https://errors.pydantic.dev/2.12/migration/
    @validator("currency", pre=True)

backend\src\models\ai_processing.py:240
backend\src\models\ai_processing.py:240
  E:\projects\Mind2\backend\src\models\ai_processing.py:240: PydanticDeprecatedSince20: Pydantic V1 style `@root_validator` validators are deprecated. You should migrate to Pydantic V2 style `@model_validator` validators, see the migration guide for more details. Deprecated in Pydantic V2.0 to be removed in V3.0. See Pydantic V2 Migration Guide at https://errors.pydantic.dev/2.12/migration/
    @root_validator(pre=True)

backend\src\models\ai_processing.py:327
backend\src\models\ai_processing.py:327
  E:\projects\Mind2\backend\src\models\ai_processing.py:327: PydanticDeprecatedSince20: Pydantic V1 style `@validator` validators are deprecated. You should migrate to Pydantic V2 style `@field_validator` validators, see the migration guide for more details. Deprecated in Pydantic V2.0 to be removed in V3.0. See Pydantic V2 Migration Guide at https://errors.pydantic.dev/2.12/migration/
    @validator("currency", pre=True)

backend\src\models\ai_processing.py:332
backend\src\models\ai_processing.py:332
  E:\projects\Mind2\backend\src\models\ai_processing.py:332: PydanticDeprecatedSince20: Pydantic V1 style `@validator` validators are deprecated. You should migrate to Pydantic V2 style `@field_validator` validators, see the migration guide for more details. Deprecated in Pydantic V2.0 to be removed in V3.0. See Pydantic V2 Migration Guide at https://errors.pydantic.dev/2.12/migration/
    @validator("billing_address", pre=True)

backend\src\models\ai_processing.py:342
backend\src\models\ai_processing.py:342
  E:\projects\Mind2\backend\src\models\ai_processing.py:342: PydanticDeprecatedSince20: Pydantic V1 style `@validator` validators are deprecated. You should migrate to Pydantic V2 style `@field_validator` validators, see the migration guide for more details. Deprecated in Pydantic V2.0 to be removed in V3.0. See Pydantic V2 Migration Guide at https://errors.pydantic.dev/2.12/migration/
    @validator(

backend\src\models\ai_processing.py:382
backend\src\models\ai_processing.py:382
  E:\projects\Mind2\backend\src\models\ai_processing.py:382: PydanticDeprecatedSince20: Pydantic V1 style `@validator` validators are deprecated. You should migrate to Pydantic V2 style `@field_validator` validators, see the migration guide for more details. Deprecated in Pydantic V2.0 to be removed in V3.0. See Pydantic V2 Migration Guide at https://errors.pydantic.dev/2.12/migration/
    @validator(

backend\src\models\ai_processing.py:393
backend\src\models\ai_processing.py:393
  E:\projects\Mind2\backend\src\models\ai_processing.py:393: PydanticDeprecatedSince20: Pydantic V1 style `@validator` validators are deprecated. You should migrate to Pydantic V2 style `@field_validator` validators, see the migration guide for more details. Deprecated in Pydantic V2.0 to be removed in V3.0. See Pydantic V2 Migration Guide at https://errors.pydantic.dev/2.12/migration/
    @validator("currency_original", pre=True)

backend\src\models\ai_processing.py:398
backend\src\models\ai_processing.py:398
  E:\projects\Mind2\backend\src\models\ai_processing.py:398: PydanticDeprecatedSince20: Pydantic V1 style `@validator` validators are deprecated. You should migrate to Pydantic V2 style `@field_validator` validators, see the migration guide for more details. Deprecated in Pydantic V2.0 to be removed in V3.0. See Pydantic V2 Migration Guide at https://errors.pydantic.dev/2.12/migration/
    @validator(

backend\src\models\ai_processing.py:410
backend\src\models\ai_processing.py:410
  E:\projects\Mind2\backend\src\models\ai_processing.py:410: PydanticDeprecatedSince20: Pydantic V1 style `@validator` validators are deprecated. You should migrate to Pydantic V2 style `@field_validator` validators, see the migration guide for more details. Deprecated in Pydantic V2.0 to be removed in V3.0. See Pydantic V2 Migration Guide at https://errors.pydantic.dev/2.12/migration/
    @validator("exchange_rate", pre=True)

backend\src\models\ai_processing.py:448
backend\src\models\ai_processing.py:448
  E:\projects\Mind2\backend\src\models\ai_processing.py:448: PydanticDeprecatedSince20: Pydantic V1 style `@validator` validators are deprecated. You should migrate to Pydantic V2 style `@field_validator` validators, see the migration guide for more details. Deprecated in Pydantic V2.0 to be removed in V3.0. See Pydantic V2 Migration Guide at https://errors.pydantic.dev/2.12/migration/
    @validator("document_type", pre=True)

backend\src\models\ai_processing.py:476
backend\src\models\ai_processing.py:476
  E:\projects\Mind2\backend\src\models\ai_processing.py:476: PydanticDeprecatedSince20: Pydantic V1 style `@validator` validators are deprecated. You should migrate to Pydantic V2 style `@field_validator` validators, see the migration guide for more details. Deprecated in Pydantic V2.0 to be removed in V3.0. See Pydantic V2 Migration Guide at https://errors.pydantic.dev/2.12/migration/
    @validator("expense_type", pre=True)

backend\src\models\ai_processing.py:518
backend\src\models\ai_processing.py:518
  E:\projects\Mind2\backend\src\models\ai_processing.py:518: PydanticDeprecatedSince20: Pydantic V1 style `@validator` validators are deprecated. You should migrate to Pydantic V2 style `@field_validator` validators, see the migration guide for more details. Deprecated in Pydantic V2.0 to be removed in V3.0. See Pydantic V2 Migration Guide at https://errors.pydantic.dev/2.12/migration/
    @validator("account_code")

-- Docs: https://docs.pytest.org/en/stable/how-to/capture-warnings.html
=========================== short test summary info ===========================
ERROR backend/tests/integration/test_fc_full_workflow.py - AttributeError: ty...
ERROR backend/tests/integration/test_full_flow.py - AttributeError: 'str' obj...
ERROR backend/tests/integration/test_queue_resume.py
ERROR backend/tests/perf/test_api_performance.py - AttributeError: 'str' obje...
ERROR backend/tests/unit/test_auth_cors_middleware.py - AttributeError: 'str'...
ERROR backend/tests/unit/test_creditcard_tasks_pages.py - AttributeError: 'st...
ERROR backend/tests/unit/test_fc_workflow_coordinator.py - NameError: name 'p...
ERROR backend/tests/unit/test_fetch_ftp_refactored.py - AttributeError: 'str'...
ERROR backend/tests/unit/test_invoice_tasks.py - AttributeError: 'str' object...
ERROR backend/tests/unit/test_metrics_endpoint.py - AttributeError: 'str' obj...
ERROR backend/tests/unit/test_tasks_invoice_pipeline.py - AttributeError: 'st...
!!!!!!!!!!!!!!!!!! Interrupted: 11 errors during collection !!!!!!!!!!!!!!!!!!!
